# Auto-extracted Offensive Logs: scenario_2_rootkit_offensive.log
# Total chunks: 6

# --- START CHUNK: scenario_2_rootkit_off_001 (ALERT) ---
type=SYSCALL msg=audit(1759318765.828:4831): arch=c000003e syscall=59 success=yes exit=0 a0="VI_Qp" a1="VI_R" a2="VI^R" a3="fffffffffffffb0a" items=3 ppid=2880 pid=3024 auid=0 uid=0 gid=0 euid=0 suid=0 fsuid=0 egid=0 sgid=0 fsgid=0 tty=(none) ses=5 comm="systemctl" exe="/usr/bin/systemctl" subj==unconfined key="T1078_Valid_Accounts"ARCH=x86_64 SYSCALL=execve AUID="root" UID="root" GID="root" EUID="root" SUID="root" FSUID="root" EGID="root" SGID="root" FSGID="root"
type=EXECVE msg=audit(1759318765.828:4831): argc=2 a0="systemctl" a1="daemon-reload"
type=PATH msg=audit(1759318765.828:4831): item=0 name="/usr/bin/systemctl" inode=16453 dev=fe:01 mode=0100755 ouid=0 ogid=0 rdev=00:00 nametype=NORMAL cap_fp=0 cap_fi=0 cap_fe=0 cap_fver=0 cap_frootid=0OUID="root" OGID="root"
type=PATH msg=audit(1759318765.828:4831): item=1 name="/usr/bin/systemctl" inode=16453 dev=fe:01 mode=0100755 ouid=0 ogid=0 rdev=00:00 nametype=NORMAL cap_fp=0 cap_fi=0 cap_fe=0 cap_fver=0 cap_frootid=0OUID="root" OGID="root"
type=PATH msg=audit(1759318765.828:4831): item=2 name="/lib64/ld-linux-x86-64.so.2" inode=1964 dev=fe:01 mode=0100755 ouid=0 ogid=0 rdev=00:00 nametype=NORMAL cap_fp=0 cap_fi=0 cap_fe=0 cap_fver=0 cap_frootid=0OUID="root" OGID="root"
type=PROCTITLE msg=audit(1759318765.828:4831): proctitle="sshd: root@pts/0"
# --- END CHUNK: scenario_2_rootkit_off_001 ---

# --- START CHUNK: scenario_2_rootkit_off_002 (ALERT) ---
type=SYSCALL msg=audit(1759318781.104:4876): arch=c000003e syscall=59 success=yes exit=0 a0="UR" a1="USP" a2="UR" a3="fffffffffffffb0a" items=3 ppid=2880 pid=3047 auid=0 uid=0 gid=0 euid=0 suid=0 fsuid=0 egid=0 sgid=0 fsgid=0 tty=(none) ses=5 comm="systemctl" exe="/usr/bin/systemctl" subj==unconfined key="T1078_Valid_Accounts"ARCH=x86_64 SYSCALL=execve AUID="root" UID="root" GID="root" EUID="root" SUID="root" FSUID="root" EGID="root" SGID="root" FSGID="root"
type=EXECVE msg=audit(1759318781.104:4876): argc=3 a0="systemctl" a1="restart" a2="zoneminder.service"
type=PATH msg=audit(1759318781.104:4876): item=0 name="/usr/bin/systemctl" inode=16453 dev=fe:01 mode=0100755 ouid=0 ogid=0 rdev=00:00 nametype=NORMAL cap_fp=0 cap_fi=0 cap_fe=0 cap_fver=0 cap_frootid=0OUID="root" OGID="root"
type=PATH msg=audit(1759318781.104:4876): item=1 name="/usr/bin/systemctl" inode=16453 dev=fe:01 mode=0100755 ouid=0 ogid=0 rdev=00:00 nametype=NORMAL cap_fp=0 cap_fi=0 cap_fe=0 cap_fver=0 cap_frootid=0OUID="root" OGID="root"
type=PATH msg=audit(1759318781.104:4876): item=2 name="/lib64/ld-linux-x86-64.so.2" inode=1964 dev=fe:01 mode=0100755 ouid=0 ogid=0 rdev=00:00 nametype=NORMAL cap_fp=0 cap_fi=0 cap_fe=0 cap_fver=0 cap_frootid=0OUID="root" OGID="root"
type=PROCTITLE msg=audit(1759318781.104:4876): proctitle="sshd: root@pts/0"
# --- END CHUNK: scenario_2_rootkit_off_002 ---

# --- START CHUNK: scenario_2_rootkit_off_003 (ALERT) ---
type=SYSCALL msg=audit(1759319025.836:5256): arch=c000003e syscall=59 success=yes exit=0 a0=" L" a1=" @" a2="c00093ac80" a3=0 items=3 ppid=3064 pid=3171 auid=4294967295 uid=0 gid=21 euid=0 suid=0 fsuid=0 egid=21 sgid=21 fsgid=21 tty=(none) ses=4294967295 comm="cat" exe="/usr/bin/cat" subj==unconfined key="T1078_Valid_Accounts"ARCH=x86_64 SYSCALL=execve AUID="unset" UID="root" GID="fax" EUID="root" SUID="root" FSUID="root" EGID="fax" SGID="fax" FSGID="fax"
type=EXECVE msg=audit(1759319025.836:5256): argc=2 a0="cat" a1="/etc/pam.d/common-password"
type=PATH msg=audit(1759319025.836:5256): item=0 name="/usr/bin/cat" inode=807 dev=fe:01 mode=0100755 ouid=0 ogid=0 rdev=00:00 nametype=NORMAL cap_fp=0 cap_fi=0 cap_fe=0 cap_fver=0 cap_frootid=0OUID="root" OGID="root"
type=PATH msg=audit(1759319025.836:5256): item=1 name="/usr/bin/cat" inode=807 dev=fe:01 mode=0100755 ouid=0 ogid=0 rdev=00:00 nametype=NORMAL cap_fp=0 cap_fi=0 cap_fe=0 cap_fver=0 cap_frootid=0OUID="root" OGID="root"
type=PATH msg=audit(1759319025.836:5256): item=2 name="/lib64/ld-linux-x86-64.so.2" inode=1964 dev=fe:01 mode=0100755 ouid=0 ogid=0 rdev=00:00 nametype=NORMAL cap_fp=0 cap_fi=0 cap_fe=0 cap_fver=0 cap_frootid=0OUID="root" OGID="root"
type=PROCTITLE msg=audit(1759319025.836:5256): proctitle="cat /etc/pam.d/common-password"
# --- END CHUNK: scenario_2_rootkit_off_003 ---

# --- START CHUNK: scenario_2_rootkit_off_004 (ALERT) ---
type=SYSCALL msg=audit(1759319040.888:5270): arch=c000003e syscall=59 success=yes exit=0 a0=" X" a1=" ـ" a2="c00093af00" a3=0 items=3 ppid=3064 pid=3176 auid=4294967295 uid=0 gid=21 euid=0 suid=0 fsuid=0 egid=21 sgid=21 fsgid=21 tty=(none) ses=4294967295 comm="cat" exe="/usr/bin/cat" subj==unconfined key="T1078_Valid_Accounts"ARCH=x86_64 SYSCALL=execve AUID="unset" UID="root" GID="fax" EUID="root" SUID="root" FSUID="root" EGID="fax" SGID="fax" FSGID="fax"
type=EXECVE msg=audit(1759319040.888:5270): argc=2 a0="cat" a1="/etc/passwd"
type=PATH msg=audit(1759319040.888:5270): item=0 name="/usr/bin/cat" inode=807 dev=fe:01 mode=0100755 ouid=0 ogid=0 rdev=00:00 nametype=NORMAL cap_fp=0 cap_fi=0 cap_fe=0 cap_fver=0 cap_frootid=0OUID="root" OGID="root"
type=PATH msg=audit(1759319040.888:5270): item=1 name="/usr/bin/cat" inode=807 dev=fe:01 mode=0100755 ouid=0 ogid=0 rdev=00:00 nametype=NORMAL cap_fp=0 cap_fi=0 cap_fe=0 cap_fver=0 cap_frootid=0OUID="root" OGID="root"
type=PATH msg=audit(1759319040.888:5270): item=2 name="/lib64/ld-linux-x86-64.so.2" inode=1964 dev=fe:01 mode=0100755 ouid=0 ogid=0 rdev=00:00 nametype=NORMAL cap_fp=0 cap_fi=0 cap_fe=0 cap_fver=0 cap_frootid=0OUID="root" OGID="root"
type=PROCTITLE msg=audit(1759319040.888:5270): proctitle="cat /etc/passwd"
# --- END CHUNK: scenario_2_rootkit_off_004 ---

# --- START CHUNK: scenario_2_rootkit_off_005 (ALERT) ---
type=SYSCALL msg=audit(1759319055.956:5279): arch=c000003e syscall=59 success=yes exit=0 a0=" l" a1=" ~" a2="c00093b100" a3=0 items=3 ppid=3064 pid=3177 auid=4294967295 uid=0 gid=21 euid=0 suid=0 fsuid=0 egid=42 sgid=42 fsgid=42 tty=(none) ses=4294967295 comm="chage" exe="/usr/bin/chage" subj==unconfined key="T1078_Valid_Accounts"ARCH=x86_64 SYSCALL=execve AUID="unset" UID="root" GID="fax" EUID="root" SUID="root" FSUID="root" EGID="shadow" SGID="shadow" FSGID="shadow"
type=EXECVE msg=audit(1759319055.956:5279): argc=3 a0="chage" a1="-l" a2="aecid"
type=PATH msg=audit(1759319055.956:5279): item=0 name="/usr/bin/chage" inode=2086 dev=fe:01 mode=0102755 ouid=0 ogid=42 rdev=00:00 nametype=NORMAL cap_fp=0 cap_fi=0 cap_fe=0 cap_fver=0 cap_frootid=0OUID="root" OGID="shadow"
type=PATH msg=audit(1759319055.956:5279): item=1 name="/usr/bin/chage" inode=2086 dev=fe:01 mode=0102755 ouid=0 ogid=42 rdev=00:00 nametype=NORMAL cap_fp=0 cap_fi=0 cap_fe=0 cap_fver=0 cap_frootid=0OUID="root" OGID="shadow"
type=PATH msg=audit(1759319055.956:5279): item=2 name="/lib64/ld-linux-x86-64.so.2" inode=1964 dev=fe:01 mode=0100755 ouid=0 ogid=0 rdev=00:00 nametype=NORMAL cap_fp=0 cap_fi=0 cap_fe=0 cap_fver=0 cap_frootid=0OUID="root" OGID="root"
type=PROCTITLE msg=audit(1759319055.956:5279): proctitle="chage -l aecid"
# --- END CHUNK: scenario_2_rootkit_off_005 ---

# --- START CHUNK: scenario_2_rootkit_off_006 (ALERT) ---
type=SYSCALL msg=audit(1759319086.496:5303): arch=c000003e syscall=59 success=yes exit=0 a0=" J " a1=" ~ʀ" a2="c00093b080" a3=0 items=3 ppid=3064 pid=3183 auid=4294967295 uid=0 gid=21 euid=0 suid=0 fsuid=0 egid=21 sgid=21 fsgid=21 tty=(none) ses=4294967295 comm="chmod" exe="/usr/bin/chmod" subj==unconfined key="T1078_Valid_Accounts"ARCH=x86_64 SYSCALL=execve AUID="unset" UID="root" GID="fax" EUID="root" SUID="root" FSUID="root" EGID="fax" SGID="fax" FSGID="fax"
type=EXECVE msg=audit(1759319086.496:5303): argc=3 a0="chmod" a1="755" a2="/tmp/nmap"
type=PATH msg=audit(1759319086.496:5303): item=0 name="/usr/bin/chmod" inode=811 dev=fe:01 mode=0100755 ouid=0 ogid=0 rdev=00:00 nametype=NORMAL cap_fp=0 cap_fi=0 cap_fe=0 cap_fver=0 cap_frootid=0OUID="root" OGID="root"
type=PATH msg=audit(1759319086.496:5303): item=1 name="/usr/bin/chmod" inode=811 dev=fe:01 mode=0100755 ouid=0 ogid=0 rdev=00:00 nametype=NORMAL cap_fp=0 cap_fi=0 cap_fe=0 cap_fver=0 cap_frootid=0OUID="root" OGID="root"
type=PATH msg=audit(1759319086.496:5303): item=2 name="/lib64/ld-linux-x86-64.so.2" inode=1964 dev=fe:01 mode=0100755 ouid=0 ogid=0 rdev=00:00 nametype=NORMAL cap_fp=0 cap_fi=0 cap_fe=0 cap_fver=0 cap_frootid=0OUID="root" OGID="root"
type=PROCTITLE msg=audit(1759319086.496:5303): proctitle="chmod 755 /tmp/nmap"
# --- END CHUNK: scenario_2_rootkit_off_006 ---

