# Auto-extracted Benign Logs: scenario_4_benign.log
# Total chunks: 76

# --- START CHUNK: scenario_4_benign_001 (CLEAR) ---
Sep 17 13:13:21 atb-fw-image-2025-09-17t12-57-26z systemd[1]: Stopping Availability of block devices...
Sep 17 13:13:21 atb-fw-image-2025-09-17t12-57-26z systemd[1]: cloud-final.service: Deactivated successfully.
Sep 17 13:13:21 atb-fw-image-2025-09-17t12-57-26z systemd[1]: Stopped Execute cloud user/final scripts.
Sep 17 13:13:21 atb-fw-image-2025-09-17t12-57-26z systemd[1]: Stopped target Multi-User System.
Sep 17 13:13:21 atb-fw-image-2025-09-17t12-57-26z systemd[1]: Stopped target Login Prompts.
# --- END CHUNK: scenario_4_benign_001 ---

# --- START CHUNK: scenario_4_benign_002 (CLEAR) ---
Dec 15 10:43:48 inetfw systemd[1]: Mounted Mount unit for snapd, revision 21759.
Dec 15 10:43:48 inetfw systemd-fsck[361]: cloudimg-rootfs: clean, 87580/3225600 files, 819958/6525179 blocks
Dec 15 10:43:48 inetfw systemd[1]: Finished Flush Journal to Persistent Storage.
Dec 15 10:43:48 inetfw systemd[1]: Mounted Mount unit for lxd, revision 28373.
Dec 15 10:43:48 inetfw systemd[1]: Mounted Mount unit for core20, revision 2318.
# --- END CHUNK: scenario_4_benign_002 ---

# --- START CHUNK: scenario_4_benign_003 (CLEAR) ---
Dec 15 10:43:48 inetfw systemd[1]: Condition check resulted in Show Plymouth Boot Screen being skipped.
Dec 15 10:43:48 inetfw systemd[1]: Started Dispatch Password Requests to Console Directory Watch.
Dec 15 10:43:48 inetfw systemd[1]: Condition check resulted in Forward Password Requests to Plymouth Directory Watch being skipped.
Dec 15 10:43:48 inetfw systemd[1]: Reached target Local Encrypted Volumes.
Dec 15 10:43:48 inetfw systemd-udevd[408]: Using default interface naming scheme 'v249'.
# --- END CHUNK: scenario_4_benign_003 ---

# --- START CHUNK: scenario_4_benign_004 (CLEAR) ---
Dec 15 10:43:48 inetfw systemd[1]: Reached target Cloud-config availability.
Dec 15 10:43:48 inetfw systemd[1]: Reached target Network is Online.
Dec 15 10:43:48 inetfw systemd[1]: Reached target System Initialization.
Dec 15 10:43:48 inetfw systemd[1]: Condition check resulted in Process error reports when automatic reporting is enabled (file watch) being skipped.
Dec 15 10:43:48 inetfw systemd[1]: Condition check resulted in Process error reports when automatic reporting is enabled (timer based) being skipped.
# --- END CHUNK: scenario_4_benign_004 ---

# --- START CHUNK: scenario_4_benign_005 (CLEAR) ---
Dec 15 10:43:48 inetfw systemd[1]: Listening on cloud-init hotplug hook socket.
Dec 15 10:43:48 inetfw systemd[1]: Listening on D-Bus System Message Bus Socket.
Dec 15 10:43:48 inetfw systemd[1]: Listening on Open-iSCSI iscsid Socket.
Dec 15 10:43:48 inetfw systemd[1]: Listening on Socket unix for snap application lxd.daemon.
Dec 15 10:43:48 inetfw systemd[1]: Listening on Socket unix for snap application lxd.user-daemon.
# --- END CHUNK: scenario_4_benign_005 ---

# --- START CHUNK: scenario_4_benign_006 (CLEAR) ---
Dec 15 10:43:48 inetfw systemd[1]: Reached target Socket Units.
Dec 15 10:43:48 inetfw systemd[1]: Reached target Basic System.
Dec 15 10:43:48 inetfw systemd[1]: Starting LSB: automatic crash report generation...
Dec 15 10:43:48 inetfw systemd[1]: Starting Statistics collection and monitoring daemon...
Dec 15 10:43:48 inetfw kernel: [    0.000000] Linux version 5.15.0-113-generic (buildd@lcy02-amd64-072) (gcc (Ubuntu 11.4.0-1ubuntu1~22.04) 11.4.0, GNU ld (GNU Binutils for Ubuntu) 2.38) #123-Ubuntu SMP Mon Jun 10 08:16:17 UTC 2024 (Ubuntu 5.15.0-113.123-generic 5.15.152)
# --- END CHUNK: scenario_4_benign_006 ---

# --- START CHUNK: scenario_4_benign_007 (CLEAR) ---
Dec 15 10:43:48 inetfw kernel: [    3.477109] Btrfs loaded, crc32c=crc32c-intel, zoned=yes, fsverity=yes
Dec 15 10:43:48 inetfw kernel: [    3.508529] EXT4-fs (vda1): mounted filesystem with ordered data mode. Opts: (null). Quota mode: none.
Dec 15 10:43:48 inetfw kernel: [    3.697621] systemd[1]: Inserted module 'autofs4'
Dec 15 10:43:48 inetfw kernel: [    3.717035] systemd[1]: systemd 249.11-0ubuntu3.12 running in system mode (+PAM +AUDIT +SELINUX +APPARMOR +IMA +SMACK +SECCOMP +GCRYPT +GNUTLS +OPENSSL +ACL +BLKID +CURL +ELFUTILS +FIDO2 +IDN2 -IDN +IPTC +KMOD +LIBCRYPTSETUP +LIBFDISK +PCRE2 -PWQUALITY -P11KIT -QRENCODE +BZIP2 +LZ4 +XZ +ZLIB +ZSTD -XKBCOMMON +UTMP +SYSVINIT default-hierarchy=unified)
Dec 15 10:43:48 inetfw kernel: [    3.721870] systemd[1]: Detected virtualization kvm.
# --- END CHUNK: scenario_4_benign_007 ---

# --- START CHUNK: scenario_4_benign_008 (CLEAR) ---
Dec 15 10:43:48 inetfw kernel: [    4.219889] systemd[1]: Mounting FUSE Control File System...
Dec 15 10:43:48 inetfw kernel: [    4.223928] systemd[1]: Mounted FUSE Control File System.
Dec 15 10:43:48 inetfw kernel: [    4.228056] systemd[1]: Finished Monitoring of LVM2 mirrors, snapshots etc. using dmeventd or progress polling.
Dec 15 10:43:48 inetfw kernel: [    4.236471] systemd[1]: Finished File System Check on Root Device.
Dec 15 10:43:48 inetfw kernel: [    4.238101] systemd[1]: Starting Remount Root and Kernel File Systems...
# --- END CHUNK: scenario_4_benign_008 ---

# --- START CHUNK: scenario_4_benign_009 (CLEAR) ---
Dec 15 10:43:50 inetfw systemd[1]: Starting Time & Date Service...
Dec 15 10:43:50 inetfw dbus-daemon[639]: [system] Successfully activated service 'org.freedesktop.timedate1'
Dec 15 10:43:50 inetfw systemd[1]: Started Time & Date Service.
Dec 15 10:43:50 inetfw systemd[1]: Finished Wait until snapd is fully seeded.
Dec 15 10:43:50 inetfw systemd[1]: Starting Apply the settings specified in cloud-config...
# --- END CHUNK: scenario_4_benign_009 ---

# --- START CHUNK: scenario_4_benign_010 (CLEAR) ---
Dec 15 10:44:24 inetfw systemd[1]: Starting Time & Date Service...
Dec 15 10:44:24 inetfw dbus-daemon[639]: [system] Successfully activated service 'org.freedesktop.timedate1'
Dec 15 10:44:24 inetfw systemd[1]: Started Time & Date Service.
Dec 15 10:44:24 inetfw cloud-init[1354]: Get:28 http://archive.ubuntu.com/ubuntu jammy/universe amd64 c-n-f Metadata [286 kB]
Dec 15 10:44:24 inetfw cloud-init[1354]: Get:29 http://archive.ubuntu.com/ubuntu jammy/multiverse amd64 Packages [217 kB]
# --- END CHUNK: scenario_4_benign_010 ---

# --- START CHUNK: scenario_4_benign_011 (CLEAR) ---
Dec 15 10:44:32 inetfw polkitd[1868]: started daemon version 0.105 using authority implementation `local' version `0.105'
Dec 15 10:44:32 inetfw dbus-daemon[639]: [system] Successfully activated service 'org.freedesktop.PolicyKit1'
Dec 15 10:44:32 inetfw systemd[1]: Started Authorization Manager.
Dec 15 10:44:32 inetfw dbus-daemon[639]: [system] Successfully activated service 'org.freedesktop.PackageKit'
Dec 15 10:44:32 inetfw systemd[1]: Started PackageKit Daemon.
# --- END CHUNK: scenario_4_benign_011 ---

# --- START CHUNK: scenario_4_benign_012 (CLEAR) ---
Dec 15 10:49:24 inetfw systemd[1]: Starting Time & Date Service...
Dec 15 10:49:24 inetfw dbus-daemon[639]: [system] Successfully activated service 'org.freedesktop.timedate1'
Dec 15 10:49:24 inetfw systemd[1]: Started Time & Date Service.
Dec 15 10:49:28 inetfw dnsmasq[736]: query[A] adminpc2 from 10.12.0.223
Dec 15 10:49:28 inetfw dnsmasq[736]: cached adminpc2 is NXDOMAIN
# --- END CHUNK: scenario_4_benign_012 ---

# --- START CHUNK: scenario_4_benign_013 (CLEAR) ---
Dec 15 10:55:24 inetfw kernel: [  717.940988] loop4: detected capacity change from 0 to 187192
Dec 15 10:55:24 inetfw systemd[1]: Mounted Mount unit for lxd, revision 36918.
Dec 15 10:55:24 inetfw systemd[1]: snap.lxd.daemon.unix.socket: Deactivated successfully.
Dec 15 10:55:24 inetfw systemd[1]: Closed Socket unix for snap application lxd.daemon.
Dec 15 10:55:24 inetfw systemd[1]: snap.lxd.user-daemon.unix.socket: Deactivated successfully.
# --- END CHUNK: scenario_4_benign_013 ---

# --- START CHUNK: scenario_4_benign_014 (CLEAR) ---
Dec 15 11:03:38 inetfw dnsmasq[736]: cached adminpc2 is NXDOMAIN
Dec 15 11:03:38 inetfw systemd[1]: Created slice User Slice of UID 1002.
Dec 15 11:03:38 inetfw systemd[1]: Starting User Runtime Directory /run/user/1002...
Dec 15 11:03:38 inetfw systemd[1]: Finished User Runtime Directory /run/user/1002.
Dec 15 11:03:38 inetfw systemd[1]: Starting User Manager for UID 1002...
# --- END CHUNK: scenario_4_benign_014 ---

# --- START CHUNK: scenario_4_benign_015 (CLEAR) ---
Dec 15 11:03:39 inetfw systemd[1]: Started User Manager for UID 1002.
Dec 15 11:03:39 inetfw systemd[1]: Started Session 1 of User john.
Dec 15 11:03:39 inetfw systemd[3977]: Reached target Main User Target.
Dec 15 11:03:39 inetfw systemd[3977]: Startup finished in 122ms.
Dec 15 11:03:42 inetfw systemd[1]: session-1.scope: Deactivated successfully.
# --- END CHUNK: scenario_4_benign_015 ---

# --- START CHUNK: scenario_4_benign_016 (CLEAR) ---
Dec 15 11:03:52 inetfw systemd[1]: user@1002.service: Deactivated successfully.
Dec 15 11:03:52 inetfw systemd[1]: Stopped User Manager for UID 1002.
Dec 15 11:03:52 inetfw systemd[1]: Stopping User Runtime Directory /run/user/1002...
Dec 15 11:03:52 inetfw systemd[1]: run-user-1002.mount: Deactivated successfully.
Dec 15 11:03:52 inetfw systemd[1]: user-runtime-dir@1002.service: Deactivated successfully.
# --- END CHUNK: scenario_4_benign_016 ---

# --- START CHUNK: scenario_4_benign_017 (CLEAR) ---
Dec 15 11:04:52 inetfw systemd-timesyncd[471]: Timed out waiting for reply from 91.189.91.157:123 (ntp.ubuntu.com).
Dec 15 11:04:57 inetfw systemd[1]: Created slice User Slice of UID 1002.
Dec 15 11:04:57 inetfw systemd[1]: Starting User Runtime Directory /run/user/1002...
Dec 15 11:04:57 inetfw systemd[1]: Finished User Runtime Directory /run/user/1002.
Dec 15 11:04:57 inetfw systemd[1]: Starting User Manager for UID 1002...
# --- END CHUNK: scenario_4_benign_017 ---

# --- START CHUNK: scenario_4_benign_018 (CLEAR) ---
Dec 15 11:04:57 inetfw systemd[1]: Started User Manager for UID 1002.
Dec 15 11:04:57 inetfw systemd[1]: Started Session 3 of User john.
Dec 15 11:04:57 inetfw systemd[4077]: Reached target Main User Target.
Dec 15 11:04:57 inetfw systemd[4077]: Startup finished in 94ms.
Dec 15 11:05:00 inetfw dnsmasq[736]: query[A] adminpc2 from 10.12.0.223
# --- END CHUNK: scenario_4_benign_018 ---

# --- START CHUNK: scenario_4_benign_019 (CLEAR) ---
Dec 15 11:14:10 inetfw systemd[1]: user@1002.service: Deactivated successfully.
Dec 15 11:14:10 inetfw systemd[1]: Stopped User Manager for UID 1002.
Dec 15 11:14:10 inetfw systemd[1]: Stopping User Runtime Directory /run/user/1002...
Dec 15 11:14:10 inetfw systemd[1]: run-user-1002.mount: Deactivated successfully.
Dec 15 11:14:10 inetfw systemd[1]: user-runtime-dir@1002.service: Deactivated successfully.
# --- END CHUNK: scenario_4_benign_019 ---

# --- START CHUNK: scenario_4_benign_020 (CLEAR) ---
Dec 15 11:43:47 inetfw dnsmasq[736]: cached adminpc2 is NXDOMAIN
Dec 15 11:43:53 inetfw systemd[1]: Created slice User Slice of UID 1001.
Dec 15 11:43:53 inetfw systemd[1]: Starting User Runtime Directory /run/user/1001...
Dec 15 11:43:53 inetfw systemd[1]: Finished User Runtime Directory /run/user/1001.
Dec 15 11:43:53 inetfw systemd[1]: Starting User Manager for UID 1001...
# --- END CHUNK: scenario_4_benign_020 ---

# --- START CHUNK: scenario_4_benign_021 (CLEAR) ---
Dec 15 11:43:53 inetfw systemd[1]: Started User Manager for UID 1001.
Dec 15 11:43:53 inetfw systemd[1]: Started Session 6 of User aecid.
Dec 15 11:43:53 inetfw systemd[4587]: Reached target Main User Target.
Dec 15 11:43:53 inetfw systemd[4587]: Startup finished in 122ms.
Dec 15 11:43:57 inetfw dnsmasq[736]: query[A] adminpc2 from 10.12.0.223
# --- END CHUNK: scenario_4_benign_021 ---

# --- START CHUNK: scenario_4_benign_022 (CLEAR) ---
Dec 15 11:44:28 inetfw dnsmasq[736]: cached adminpc2 is NXDOMAIN
Dec 15 11:44:37 inetfw systemd[1]: Started Session 8 of User aecid.
Dec 15 11:44:38 inetfw dnsmasq[736]: query[A] adminpc2 from 10.12.0.223
Dec 15 11:44:38 inetfw dnsmasq[736]: cached adminpc2 is NXDOMAIN
Dec 15 11:44:38 inetfw dnsmasq[736]: query[AAAA] adminpc2 from 10.12.0.223
# --- END CHUNK: scenario_4_benign_022 ---

# --- START CHUNK: scenario_4_benign_023 (CLEAR) ---
Dec 15 11:44:38 inetfw dnsmasq[736]: cached adminpc2 is NXDOMAIN
Dec 15 11:44:41 inetfw systemd[1]: Started Session 9 of User aecid.
# --- END CHUNK: scenario_4_benign_023 ---

# --- START CHUNK: scenario_4_benign_024 (CLEAR) ---
Sep 17 13:08:34 atb-fw-image-2025-09-17t12-57-26z sshd[2079]: Disconnected from user ubuntu 10.110.0.254 port 42392
Sep 17 13:08:34 atb-fw-image-2025-09-17t12-57-26z sshd[2033]: pam_unix(sshd:session): session closed for user ubuntu
Sep 17 13:08:34 atb-fw-image-2025-09-17t12-57-26z systemd-logind[666]: Session 3 logged out. Waiting for processes to exit.
Sep 17 13:13:21 atb-fw-image-2025-09-17t12-57-26z sudo: pam_unix(sudo:session): session closed for user root
Sep 17 13:13:21 atb-fw-image-2025-09-17t12-57-26z systemd-logind[666]: Power key pressed.
# --- END CHUNK: scenario_4_benign_024 ---

# --- START CHUNK: scenario_4_benign_025 (CLEAR) ---
Sep 17 13:13:21 atb-fw-image-2025-09-17t12-57-26z systemd-logind[666]: System is powering down.
Sep 17 13:13:21 atb-fw-image-2025-09-17t12-57-26z sshd[873]: pam_unix(sshd:session): session closed for user ubuntu
Sep 17 13:13:21 atb-fw-image-2025-09-17t12-57-26z sshd[873]: pam_systemd(sshd:session): Failed to release session: Interrupted system call
Dec 15 10:43:48 inetfw chpasswd[627]: pam_unix(chpasswd:chauthtok): password changed for aecid
Dec 15 10:43:48 inetfw sshd[713]: Server listening on 0.0.0.0 port 22.
# --- END CHUNK: scenario_4_benign_025 ---

# --- START CHUNK: scenario_4_benign_026 (CLEAR) ---
Dec 15 10:43:48 inetfw systemd-logind[655]: New seat seat0.
Dec 15 10:43:48 inetfw systemd-logind[655]: Watching system buttons on /dev/input/event0 (Power Button)
Dec 15 10:43:48 inetfw systemd-logind[655]: Watching system buttons on /dev/input/event5 (QEMU QEMU USB Keyboard)
Dec 15 10:43:48 inetfw systemd-logind[655]: Watching system buttons on /dev/input/event1 (AT Translated Set 2 keyboard)
Dec 15 11:03:38 inetfw sshd[3974]: Accepted password for john from 172.17.100.122 port 45824 ssh2
# --- END CHUNK: scenario_4_benign_026 ---

# --- START CHUNK: scenario_4_benign_027 (CLEAR) ---
Dec 15 11:03:40 inetfw sshd[4061]: Disconnected from user john 172.17.100.122 port 45824
Dec 15 11:03:40 inetfw sshd[3974]: pam_unix(sshd:session): session closed for user john
Dec 15 11:03:40 inetfw systemd-logind[655]: Session 1 logged out. Waiting for processes to exit.
Dec 15 11:03:42 inetfw systemd-logind[655]: Removed session 1.
Dec 15 11:04:57 inetfw sshd[4074]: Accepted password for john from 172.17.100.122 port 43662 ssh2
# --- END CHUNK: scenario_4_benign_027 ---

# --- START CHUNK: scenario_4_benign_028 (CLEAR) ---
Dec 15 11:14:00 inetfw sshd[4138]: Disconnected from user john 172.17.100.122 port 43662
Dec 15 11:14:00 inetfw sshd[4074]: pam_unix(sshd:session): session closed for user john
Dec 15 11:14:00 inetfw systemd-logind[655]: Session 3 logged out. Waiting for processes to exit.
Dec 15 11:14:00 inetfw systemd-logind[655]: Removed session 3.
Dec 15 11:14:01 inetfw sudo: pam_unix(sudo:session): session closed for user root
# --- END CHUNK: scenario_4_benign_028 ---

# --- START CHUNK: scenario_4_benign_029 (CLEAR) ---
12/15/2025-10:46:48.627050  [**] [1:2013504:6] ET POLICY GNU/Linux APT User-Agent Outbound likely related to package management [**] [Classification: Not Suspicious Traffic] [Priority: 3] {TCP} 192.168.100.130:44226 -> 185.125.190.83:80
12/15/2025-10:46:48.627050  [**] [1:2013504:6] ET POLICY GNU/Linux APT User-Agent Outbound likely related to package management [**] [Classification: Not Suspicious Traffic] [Priority: 3] {TCP} 192.168.100.130:44226 -> 185.125.190.83:80
12/15/2025-10:46:48.627050  [**] [1:2013504:6] ET POLICY GNU/Linux APT User-Agent Outbound likely related to package management [**] [Classification: Not Suspicious Traffic] [Priority: 3] {TCP} 192.168.100.130:44226 -> 185.125.190.83:80
12/15/2025-10:46:49.046531  [**] [1:2013504:6] ET POLICY GNU/Linux APT User-Agent Outbound likely related to package management [**] [Classification: Not Suspicious Traffic] [Priority: 3] {TCP} 192.168.100.130:44226 -> 185.125.190.83:80
12/15/2025-10:46:49.074708  [**] [1:2013504:6] ET POLICY GNU/Linux APT User-Agent Outbound likely related to package management [**] [Classification: Not Suspicious Traffic] [Priority: 3] {TCP} 192.168.100.130:44226 -> 185.125.190.83:80
# --- END CHUNK: scenario_4_benign_029 ---

# --- START CHUNK: scenario_4_benign_030 (CLEAR) ---
12/15/2025-10:46:49.092473  [**] [1:2013504:6] ET POLICY GNU/Linux APT User-Agent Outbound likely related to package management [**] [Classification: Not Suspicious Traffic] [Priority: 3] {TCP} 192.168.100.130:53594 -> 91.189.91.93:80
12/15/2025-10:46:49.696338  [**] [1:2013504:6] ET POLICY GNU/Linux APT User-Agent Outbound likely related to package management [**] [Classification: Not Suspicious Traffic] [Priority: 3] {TCP} 192.168.100.130:53594 -> 91.189.91.93:80
12/15/2025-10:46:50.803273  [**] [1:2013504:6] ET POLICY GNU/Linux APT User-Agent Outbound likely related to package management [**] [Classification: Not Suspicious Traffic] [Priority: 3] {TCP} 192.168.100.130:53594 -> 91.189.91.93:80
12/15/2025-10:46:50.910457  [**] [1:2013504:6] ET POLICY GNU/Linux APT User-Agent Outbound likely related to package management [**] [Classification: Not Suspicious Traffic] [Priority: 3] {TCP} 192.168.100.130:53594 -> 91.189.91.93:80
12/15/2025-10:46:50.910457  [**] [1:2013504:6] ET POLICY GNU/Linux APT User-Agent Outbound likely related to package management [**] [Classification: Not Suspicious Traffic] [Priority: 3] {TCP} 192.168.100.130:53594 -> 91.189.91.93:80
# --- END CHUNK: scenario_4_benign_030 ---

# --- START CHUNK: scenario_4_benign_031 (CLEAR) ---
12/15/2025-10:46:51.497810  [**] [1:2013504:6] ET POLICY GNU/Linux APT User-Agent Outbound likely related to package management [**] [Classification: Not Suspicious Traffic] [Priority: 3] {TCP} 192.168.100.130:53594 -> 91.189.91.93:80
12/15/2025-10:46:51.605670  [**] [1:2013504:6] ET POLICY GNU/Linux APT User-Agent Outbound likely related to package management [**] [Classification: Not Suspicious Traffic] [Priority: 3] {TCP} 192.168.100.130:53594 -> 91.189.91.93:80
12/15/2025-10:46:51.605670  [**] [1:2013504:6] ET POLICY GNU/Linux APT User-Agent Outbound likely related to package management [**] [Classification: Not Suspicious Traffic] [Priority: 3] {TCP} 192.168.100.130:53594 -> 91.189.91.93:80
12/15/2025-10:46:51.713498  [**] [1:2013504:6] ET POLICY GNU/Linux APT User-Agent Outbound likely related to package management [**] [Classification: Not Suspicious Traffic] [Priority: 3] {TCP} 192.168.100.130:53594 -> 91.189.91.93:80
12/15/2025-10:46:52.397962  [**] [1:2013504:6] ET POLICY GNU/Linux APT User-Agent Outbound likely related to package management [**] [Classification: Not Suspicious Traffic] [Priority: 3] {TCP} 192.168.100.130:53594 -> 91.189.91.93:80
# --- END CHUNK: scenario_4_benign_031 ---

# --- START CHUNK: scenario_4_benign_032 (CLEAR) ---
12/15/2025-10:46:52.441755  [**] [1:2013504:6] ET POLICY GNU/Linux APT User-Agent Outbound likely related to package management [**] [Classification: Not Suspicious Traffic] [Priority: 3] {TCP} 192.168.100.130:53594 -> 91.189.91.93:80
12/15/2025-10:46:52.441755  [**] [1:2013504:6] ET POLICY GNU/Linux APT User-Agent Outbound likely related to package management [**] [Classification: Not Suspicious Traffic] [Priority: 3] {TCP} 192.168.100.130:53594 -> 91.189.91.93:80
12/15/2025-10:46:52.441755  [**] [1:2013504:6] ET POLICY GNU/Linux APT User-Agent Outbound likely related to package management [**] [Classification: Not Suspicious Traffic] [Priority: 3] {TCP} 192.168.100.130:53594 -> 91.189.91.93:80
12/15/2025-10:46:52.441755  [**] [1:2013504:6] ET POLICY GNU/Linux APT User-Agent Outbound likely related to package management [**] [Classification: Not Suspicious Traffic] [Priority: 3] {TCP} 192.168.100.130:53594 -> 91.189.91.93:80
12/15/2025-10:46:52.503493  [**] [1:2013504:6] ET POLICY GNU/Linux APT User-Agent Outbound likely related to package management [**] [Classification: Not Suspicious Traffic] [Priority: 3] {TCP} 192.168.100.130:53594 -> 91.189.91.93:80
# --- END CHUNK: scenario_4_benign_032 ---

# --- START CHUNK: scenario_4_benign_033 (CLEAR) ---
2025-12-10T13:44:06.990496+00:00 atb-attacker-image-2025-12-10t12-35-00z systemd[1]: Stopping blk-availability.service - Availability of block devices...
2025-12-10T13:44:06.997555+00:00 atb-attacker-image-2025-12-10t12-35-00z systemd[1]: cloud-final.service: Deactivated successfully.
2025-12-10T13:44:06.997639+00:00 atb-attacker-image-2025-12-10t12-35-00z systemd[1]: Stopped cloud-final.service - Execute cloud user/final scripts.
2025-12-10T13:44:06.999932+00:00 atb-attacker-image-2025-12-10t12-35-00z systemd[1]: Stopping finalrd.service - Create final runtime dir for shutdown pivot root...
2025-12-10T13:44:07.002123+00:00 atb-attacker-image-2025-12-10t12-35-00z systemd[1]: Stopping fwupd.service - Firmware update daemon...
# --- END CHUNK: scenario_4_benign_033 ---

# --- START CHUNK: scenario_4_benign_034 (CLEAR) ---
2025-12-15T10:48:38.897119+00:00 attacker systemd-modules-load[345]: Inserted module 'dm_multipath'
2025-12-15T10:48:38.897131+00:00 attacker systemd-fsck[346]: cloudimg-rootfs: clean, 327787/3145728 files, 3648588/6291195 blocks
2025-12-15T10:48:38.897136+00:00 attacker systemd[1]: modprobe@dm_mod.service: Deactivated successfully.
2025-12-15T10:48:38.897159+00:00 attacker systemd[1]: Finished modprobe@dm_mod.service - Load Kernel Module dm_mod.
2025-12-15T10:48:38.897163+00:00 attacker systemd[1]: modprobe@drm.service: Deactivated successfully.
# --- END CHUNK: scenario_4_benign_034 ---

# --- START CHUNK: scenario_4_benign_035 (CLEAR) ---
2025-12-15T10:48:38.897361+00:00 attacker systemd[1]: Starting systemd-fsck@dev-disk-by\x2dlabel-UEFI.service - File System Check on /dev/disk/by-label/UEFI...
2025-12-15T10:48:38.897366+00:00 attacker systemd-fsck[475]: BOOT: clean, 600/58496 files, 23926/233728 blocks
2025-12-15T10:48:38.897371+00:00 attacker systemd[1]: Finished systemd-fsck@dev-disk-by\x2dlabel-BOOT.service - File System Check on /dev/disk/by-label/BOOT.
2025-12-15T10:48:38.897374+00:00 attacker systemd[1]: Mounting boot.mount - /boot...
2025-12-15T10:48:38.897376+00:00 attacker systemd[1]: Mounted boot.mount - /boot.
# --- END CHUNK: scenario_4_benign_035 ---

# --- START CHUNK: scenario_4_benign_036 (CLEAR) ---
2025-12-15T10:48:38.897917+00:00 attacker cloud-init[740]: SHA256:bqE3pjZEbN42Ibos9DL2vbi9kJfzwXaQFDq3Jam0zwM root@attacker
2025-12-15T10:48:38.898809+00:00 attacker kernel: Linux version 6.8.0-35-generic (buildd@lcy02-amd64-020) (x86_64-linux-gnu-gcc-13 (Ubuntu 13.2.0-23ubuntu4) 13.2.0, GNU ld (GNU Binutils for Ubuntu) 2.42) #35-Ubuntu SMP PREEMPT_DYNAMIC Mon May 20 15:51:52 UTC 2024 (Ubuntu 6.8.0-35.35-generic 6.8.4)
2025-12-15T10:48:38.898818+00:00 attacker kernel: Command line: BOOT_IMAGE=/vmlinuz-6.8.0-35-generic root=LABEL=cloudimg-rootfs ro console=tty1 console=ttyS0
2025-12-15T10:48:38.898819+00:00 attacker kernel: KERNEL supported cpus:
2025-12-15T10:48:38.898819+00:00 attacker kernel:   Intel GenuineIntel
# --- END CHUNK: scenario_4_benign_036 ---

# --- START CHUNK: scenario_4_benign_037 (CLEAR) ---
2025-12-15T10:48:38.899830+00:00 attacker avahi-daemon[838]: avahi-daemon 0.8 starting up.
2025-12-15T10:48:38.899832+00:00 attacker dbus-daemon[839]: [system] Successfully activated service 'org.freedesktop.systemd1'
2025-12-15T10:48:38.899835+00:00 attacker avahi-daemon[838]: Successfully called chroot().
2025-12-15T10:48:38.899838+00:00 attacker avahi-daemon[838]: Successfully dropped remaining capabilities.
2025-12-15T10:48:38.899841+00:00 attacker avahi-daemon[838]: No service file found in /etc/avahi/services.
# --- END CHUNK: scenario_4_benign_037 ---

# --- START CHUNK: scenario_4_benign_038 (CLEAR) ---
2025-12-10T13:43:56.227940+00:00 atb-attacker-image-2025-12-10t12-35-00z sshd[1697]: Disconnected from user ubuntu 10.110.0.254 port 41430
2025-12-10T13:43:56.240788+00:00 atb-attacker-image-2025-12-10t12-35-00z sshd[1651]: pam_unix(sshd:session): session closed for user ubuntu
2025-12-10T13:43:56.294471+00:00 atb-attacker-image-2025-12-10t12-35-00z systemd-logind[767]: Session 3 logged out. Waiting for processes to exit.
2025-12-10T13:44:06.117961+00:00 atb-attacker-image-2025-12-10t12-35-00z sudo: pam_unix(sudo:session): session closed for user root
2025-12-10T13:44:06.770578+00:00 atb-attacker-image-2025-12-10t12-35-00z systemd-logind[767]: Power key pressed short.
# --- END CHUNK: scenario_4_benign_038 ---

# --- START CHUNK: scenario_4_benign_039 (CLEAR) ---
2025-12-15T10:48:38.899772+00:00 attacker systemd-logind[834]: New seat seat0.
2025-12-15T10:48:38.899778+00:00 attacker systemd-logind[834]: Watching system buttons on /dev/input/event0 (Power Button)
2025-12-15T10:48:38.899780+00:00 attacker systemd-logind[834]: Watching system buttons on /dev/input/event5 (QEMU QEMU USB Keyboard)
2025-12-15T10:48:38.899783+00:00 attacker systemd-logind[834]: Watching system buttons on /dev/input/event1 (AT Translated Set 2 keyboard)
2025-12-15T10:48:38.899953+00:00 attacker polkitd[848]: Loading rules from directory /etc/polkit-1/rules.d
# --- END CHUNK: scenario_4_benign_039 ---

# --- START CHUNK: scenario_4_benign_040 (CLEAR) ---
2025-12-15T10:52:28.183037+00:00 attacker sudo: pam_unix(sudo:session): session closed for user root
2025-12-15T10:55:01.578695+00:00 attacker CRON[7027]: pam_unix(cron:session): session opened for user root(uid=0) by root(uid=0)
2025-12-15T10:55:01.585257+00:00 attacker CRON[7027]: pam_unix(cron:session): session closed for user root
2025-12-15T11:03:33.362849+00:00 attacker sshd[4624]: Received disconnect from 192.42.0.201 port 37624:11: disconnected by user
2025-12-15T11:03:33.363965+00:00 attacker sshd[4624]: Disconnected from user aecid 192.42.0.201 port 37624
# --- END CHUNK: scenario_4_benign_040 ---

# --- START CHUNK: scenario_4_benign_041 (CLEAR) ---
2025-12-15T11:03:33.379692+00:00 attacker systemd-logind[834]: Session 3 logged out. Waiting for processes to exit.
2025-12-15T11:05:01.596861+00:00 attacker CRON[13857]: pam_unix(cron:session): session opened for user root(uid=0) by root(uid=0)
2025-12-15T11:05:01.599375+00:00 attacker CRON[13857]: pam_unix(cron:session): session closed for user root
2025-12-15T11:09:45.427879+00:00 attacker dbus-daemon[839]: [system] Failed to activate service 'org.bluez': timed out (service_start_timeout=25000ms)
2025-12-15T11:15:01.612424+00:00 attacker CRON[18780]: pam_unix(cron:session): session opened for user root(uid=0) by root(uid=0)
# --- END CHUNK: scenario_4_benign_041 ---

# --- START CHUNK: scenario_4_benign_042 (CLEAR) ---
2025-12-15T11:15:01.618500+00:00 attacker CRON[18780]: pam_unix(cron:session): session closed for user root
2025-12-15T11:17:01.633483+00:00 attacker CRON[19755]: pam_unix(cron:session): session opened for user root(uid=0) by root(uid=0)
2025-12-15T11:17:01.639709+00:00 attacker CRON[19755]: pam_unix(cron:session): session closed for user root
2025-12-15T11:25:01.652339+00:00 attacker CRON[23654]: pam_unix(cron:session): session opened for user root(uid=0) by root(uid=0)
2025-12-15T11:25:01.658842+00:00 attacker CRON[23654]: pam_unix(cron:session): session closed for user root
# --- END CHUNK: scenario_4_benign_042 ---

# --- START CHUNK: scenario_4_benign_043 (CLEAR) ---
2025-12-15T11:30:01.676996+00:00 attacker CRON[26085]: pam_unix(cron:session): session closed for user root
2025-12-15T11:35:01.689364+00:00 attacker CRON[28520]: pam_unix(cron:session): session opened for user root(uid=0) by root(uid=0)
2025-12-15T11:35:01.695468+00:00 attacker CRON[28520]: pam_unix(cron:session): session closed for user root
2025-12-15T11:45:01.708219+00:00 attacker CRON[33386]: pam_unix(cron:session): session opened for user root(uid=0) by root(uid=0)
2025-12-15T11:45:01.713331+00:00 attacker CRON[33386]: pam_unix(cron:session): session closed for user root
# --- END CHUNK: scenario_4_benign_043 ---

# --- START CHUNK: scenario_4_benign_044 (CLEAR) ---
2025-12-11T12:42:06.462919+00:00 linuxshare systemd[1]: Stopped target time-set.target - System Time Set.
2025-12-11T12:42:06.462945+00:00 linuxshare systemd[1]: cloud-final.service: Deactivated successfully.
2025-12-11T12:42:06.462971+00:00 linuxshare systemd[1]: Stopped cloud-final.service - Execute cloud user/final scripts.
2025-12-11T12:42:06.465947+00:00 linuxshare systemd[1]: Stopped target multi-user.target - Multi-User System.
2025-12-11T12:42:06.466002+00:00 linuxshare systemd[1]: Stopped target getty.target - Login Prompts.
# --- END CHUNK: scenario_4_benign_044 ---

# --- START CHUNK: scenario_4_benign_045 (CLEAR) ---
2025-12-11T12:42:06.494192+00:00 linuxshare systemd[1]: Stopping puppet.service - Puppet agent...
2025-12-15T10:45:00.001055+00:00 linuxshare kernel: [    0.000000] Linux version 6.1.0-22-cloud-amd64 (debian-kernel@lists.debian.org) (gcc-12 (Debian 12.2.0-14) 12.2.0, GNU ld (GNU Binutils for Debian) 2.40) #1 SMP PREEMPT_DYNAMIC Debian 6.1.94-1 (2024-06-21)
2025-12-15T10:45:00.004362+00:00 linuxshare kernel: [    0.000000] Command line: BOOT_IMAGE=/boot/vmlinuz-6.1.0-22-cloud-amd64 root=PARTUUID=09bac5cd-1055-42ea-844b-fa89a2fe88ad ro console=tty0 console=ttyS0,115200 earlyprintk=ttyS0,115200 consoleblank=0
2025-12-15T10:45:00.004366+00:00 linuxshare kernel: [    0.000000] BIOS-provided physical RAM map:
2025-12-15T10:45:00.004367+00:00 linuxshare kernel: [    0.000000] BIOS-e820: [mem 0x0000000000000000-0x000000000009fbff] usable
# --- END CHUNK: scenario_4_benign_045 ---

# --- START CHUNK: scenario_4_benign_046 (CLEAR) ---
2025-12-15T10:45:00.005093+00:00 linuxshare kernel: [    1.121804] virtio_net virtio1 ens3: renamed from eth0
2025-12-15T10:45:00.005093+00:00 linuxshare kernel: [    1.220549] EXT4-fs (vda1): mounted filesystem with ordered data mode. Quota mode: none.
2025-12-15T10:45:00.005100+00:00 linuxshare kernel: [    1.278867] Not activating Mandatory Access Control as /sbin/tomoyo-init does not exist.
2025-12-15T10:45:00.005135+00:00 linuxshare kernel: [    1.882839] device-mapper: core: CONFIG_IMA_DISABLE_HTABLE is disabled. Duplicate IMA measurements will not be recorded in the IMA log.
2025-12-15T10:45:00.005136+00:00 linuxshare kernel: [    1.884917] device-mapper: uevent: version 1.0.3
# --- END CHUNK: scenario_4_benign_046 ---

# --- START CHUNK: scenario_4_benign_047 (CLEAR) ---
2025-12-15T10:45:00.005179+00:00 linuxshare kernel: [   68.096439] Process accounting resumed
2025-12-15T10:45:00.007821+00:00 linuxshare systemd-fsck[236]: /dev/vda1: clean, 53820/1630208 files, 641711/6520827 blocks
2025-12-15T10:45:00.007841+00:00 linuxshare systemd[1]: Mounted proc-fs-nfsd.mount - NFSD configuration filesystem.
2025-12-15T10:45:00.007849+00:00 linuxshare systemd[1]: modprobe@fuse.service: Deactivated successfully.
2025-12-15T10:45:00.007853+00:00 linuxshare systemd[1]: Finished modprobe@fuse.service - Load Kernel Module fuse.
# --- END CHUNK: scenario_4_benign_047 ---

# --- START CHUNK: scenario_4_benign_048 (CLEAR) ---
2025-12-11T12:40:01.359381+00:00 linuxshare CRON[13574]: pam_unix(cron:session): session opened for user root(uid=0) by (uid=0)
2025-12-11T12:40:01.362630+00:00 linuxshare CRON[13573]: pam_unix(cron:session): session opened for user root(uid=0) by (uid=0)
2025-12-11T12:40:07.877454+00:00 linuxshare sshd[700]: Received disconnect from 10.110.0.254 port 37318:11: disconnected by user
2025-12-11T12:40:07.881629+00:00 linuxshare sshd[700]: Disconnected from user debian 10.110.0.254 port 37318
# --- END CHUNK: scenario_4_benign_048 ---

# --- START CHUNK: scenario_4_benign_049 (CLEAR) ---
2025-12-15T10:45:00.097721+00:00 linuxshare sshd[599]: Server listening on :: port 22.
2025-12-15T10:45:00.152559+00:00 linuxshare systemd-logind[564]: Watching system buttons on /dev/input/event1 (Power Button)
2025-12-15T10:45:00.152630+00:00 linuxshare systemd-logind[564]: Watching system buttons on /dev/input/event0 (AT Translated Set 2 keyboard)
2025-12-15T10:45:00.153398+00:00 linuxshare systemd-logind[564]: New seat seat0.
2025-12-15T10:45:01.978945+00:00 linuxshare CRON[939]: pam_unix(cron:session): session opened for user root(uid=0) by (uid=0)
# --- END CHUNK: scenario_4_benign_049 ---

# --- START CHUNK: scenario_4_benign_050 (CLEAR) ---
Sep 17 11:19:28 atb-corpdns-image-2025-09-17t11-07-58z systemd[1]: Stopping Availability of block devices...
Sep 17 11:19:28 atb-corpdns-image-2025-09-17t11-07-58z systemd[1]: cloud-final.service: Deactivated successfully.
Sep 17 11:19:28 atb-corpdns-image-2025-09-17t11-07-58z systemd[1]: Stopped Execute cloud user/final scripts.
Sep 17 11:19:28 atb-corpdns-image-2025-09-17t11-07-58z systemd[1]: Stopped target Multi-User System.
Sep 17 11:19:28 atb-corpdns-image-2025-09-17t11-07-58z systemd[1]: Stopped target Login Prompts.
# --- END CHUNK: scenario_4_benign_050 ---

# --- START CHUNK: scenario_4_benign_051 (CLEAR) ---
Sep 17 11:19:28 atb-corpdns-image-2025-09-17t11-07-58z systemd[1]: Stopped Apply the settings specified in cloud-config.
Dec 15 10:43:16 corpdns kernel: [    0.000000] Linux version 5.15.0-113-generic (buildd@lcy02-amd64-072) (gcc (Ubuntu 11.4.0-1ubuntu1~22.04) 11.4.0, GNU ld (GNU Binutils for Ubuntu) 2.38) #123-Ubuntu SMP Mon Jun 10 08:16:17 UTC 2024 (Ubuntu 5.15.0-113.123-generic 5.15.152)
Dec 15 10:43:16 corpdns kernel: [    0.000000] Command line: BOOT_IMAGE=/boot/vmlinuz-5.15.0-113-generic root=LABEL=cloudimg-rootfs ro console=tty1 console=ttyS0
Dec 15 10:43:16 corpdns kernel: [    0.000000] KERNEL supported cpus:
Dec 15 10:43:16 corpdns kernel: [    0.000000]   Intel GenuineIntel
# --- END CHUNK: scenario_4_benign_051 ---

# --- START CHUNK: scenario_4_benign_052 (CLEAR) ---
Dec 15 10:43:16 corpdns systemd[1]: Finished Monitoring of LVM2 mirrors, snapshots etc. using dmeventd or progress polling.
Dec 15 10:43:16 corpdns systemd-fsck[397]: cloudimg-rootfs: clean, 84382/3225600 files, 814770/6525179 blocks
Dec 15 10:43:16 corpdns systemd[1]: Finished Load Kernel Modules.
Dec 15 10:43:16 corpdns systemd[1]: Mounting FUSE Control File System...
Dec 15 10:43:16 corpdns systemd[1]: Mounting Kernel Configuration File System...
# --- END CHUNK: scenario_4_benign_052 ---

# --- START CHUNK: scenario_4_benign_053 (CLEAR) ---
Dec 15 10:43:16 corpdns systemd[1]: Finished File System Check on Root Device.
Dec 15 10:43:16 corpdns systemd[1]: Mounted FUSE Control File System.
Dec 15 10:43:16 corpdns systemd[1]: Mounted Kernel Configuration File System.
Dec 15 10:43:16 corpdns systemd[1]: Starting Remount Root and Kernel File Systems...
Dec 15 10:43:16 corpdns systemd[1]: Finished Remount Root and Kernel File Systems.
# --- END CHUNK: scenario_4_benign_053 ---

# --- START CHUNK: scenario_4_benign_054 (CLEAR) ---
Dec 15 10:43:16 corpdns systemd[1]: Mounted Mount unit for core20, revision 2318.
Dec 15 10:43:16 corpdns systemd[1]: Mounted Mount unit for lxd, revision 28373.
Dec 15 10:43:16 corpdns kernel: [    0.374814] acpiphp: Slot [7] registered
Dec 15 10:43:16 corpdns kernel: [    0.375496] acpiphp: Slot [8] registered
Dec 15 10:43:16 corpdns kernel: [    0.376182] acpiphp: Slot [9] registered
# --- END CHUNK: scenario_4_benign_054 ---

# --- START CHUNK: scenario_4_benign_055 (CLEAR) ---
Dec 15 10:43:16 corpdns kernel: [    3.236198] Btrfs loaded, crc32c=crc32c-intel, zoned=yes, fsverity=yes
Dec 15 10:43:16 corpdns kernel: [    3.271492] EXT4-fs (vda1): mounted filesystem with ordered data mode. Opts: (null). Quota mode: none.
Dec 15 10:43:16 corpdns kernel: [    3.501226] systemd[1]: Inserted module 'autofs4'
Dec 15 10:43:16 corpdns kernel: [    3.524662] systemd[1]: systemd 249.11-0ubuntu3.12 running in system mode (+PAM +AUDIT +SELINUX +APPARMOR +IMA +SMACK +SECCOMP +GCRYPT +GNUTLS +OPENSSL +ACL +BLKID +CURL +ELFUTILS +FIDO2 +IDN2 -IDN +IPTC +KMOD +LIBCRYPTSETUP +LIBFDISK +PCRE2 -PWQUALITY -P11KIT -QRENCODE +BZIP2 +LZ4 +XZ +ZLIB +ZSTD -XKBCOMMON +UTMP +SYSVINIT default-hierarchy=unified)
Dec 15 10:43:16 corpdns kernel: [    3.530377] systemd[1]: Detected virtualization kvm.
# --- END CHUNK: scenario_4_benign_055 ---

# --- START CHUNK: scenario_4_benign_056 (CLEAR) ---
Dec 15 10:43:16 corpdns systemd[1]: Condition check resulted in Show Plymouth Boot Screen being skipped.
Dec 15 10:43:16 corpdns systemd[1]: Started Dispatch Password Requests to Console Directory Watch.
Dec 15 10:43:16 corpdns systemd[1]: Condition check resulted in Forward Password Requests to Plymouth Directory Watch being skipped.
Dec 15 10:43:16 corpdns systemd[1]: Reached target Local Encrypted Volumes.
Dec 15 10:43:16 corpdns systemd-udevd[443]: Using default interface naming scheme 'v249'.
# --- END CHUNK: scenario_4_benign_056 ---

# --- START CHUNK: scenario_4_benign_057 (CLEAR) ---
Dec 15 10:43:16 corpdns systemd[1]: Reached target Cloud-config availability.
Dec 15 10:43:16 corpdns systemd[1]: Reached target Network is Online.
Dec 15 10:43:16 corpdns systemd[1]: Reached target System Initialization.
Dec 15 10:43:16 corpdns systemd[1]: Condition check resulted in Process error reports when automatic reporting is enabled (file watch) being skipped.
Dec 15 10:43:16 corpdns systemd[1]: Condition check resulted in Process error reports when automatic reporting is enabled (timer based) being skipped.
# --- END CHUNK: scenario_4_benign_057 ---

# --- START CHUNK: scenario_4_benign_058 (CLEAR) ---
Dec 15 10:43:16 corpdns systemd[1]: Listening on cloud-init hotplug hook socket.
Dec 15 10:43:16 corpdns systemd[1]: Listening on D-Bus System Message Bus Socket.
Dec 15 10:43:16 corpdns systemd[1]: Listening on Open-iSCSI iscsid Socket.
Dec 15 10:43:16 corpdns systemd[1]: Listening on Socket unix for snap application lxd.daemon.
Dec 15 10:43:16 corpdns systemd[1]: Listening on Socket unix for snap application lxd.user-daemon.
# --- END CHUNK: scenario_4_benign_058 ---

# --- START CHUNK: scenario_4_benign_059 (CLEAR) ---
Dec 15 10:43:16 corpdns systemd[1]: Reached target Socket Units.
Dec 15 10:43:16 corpdns systemd[1]: Reached target Basic System.
Dec 15 10:43:16 corpdns systemd[1]: Starting LSB: automatic crash report generation...
Dec 15 10:43:16 corpdns systemd[1]: Starting Statistics collection and monitoring daemon...
Dec 15 10:43:16 corpdns systemd[1]: Started Regular background program processing daemon.
# --- END CHUNK: scenario_4_benign_059 ---

# --- START CHUNK: scenario_4_benign_060 (CLEAR) ---
Dec 15 10:57:12 corpdns kernel: [  846.255606] loop5: detected capacity change from 0 to 187192
Dec 15 10:57:12 corpdns systemd[1]: Mounted Mount unit for lxd, revision 36918.
Dec 15 10:57:12 corpdns systemd[1]: snap.lxd.user-daemon.unix.socket: Deactivated successfully.
Dec 15 10:57:12 corpdns systemd[1]: Closed Socket unix for snap application lxd.user-daemon.
Dec 15 10:57:12 corpdns systemd[1]: snap.lxd.daemon.unix.socket: Deactivated successfully.
# --- END CHUNK: scenario_4_benign_060 ---

# --- START CHUNK: scenario_4_benign_061 (CLEAR) ---
Dec 15 11:17:01 corpdns CRON[3039]: (root) CMD (   cd / && run-parts --report /etc/cron.hourly)
Dec 15 11:44:37 corpdns systemd[1]: Created slice User Slice of UID 1001.
Dec 15 11:44:37 corpdns systemd[1]: Starting User Runtime Directory /run/user/1001...
Dec 15 11:44:37 corpdns systemd[1]: Finished User Runtime Directory /run/user/1001.
Dec 15 11:44:37 corpdns systemd[1]: Starting User Manager for UID 1001...
# --- END CHUNK: scenario_4_benign_061 ---

# --- START CHUNK: scenario_4_benign_062 (CLEAR) ---
Dec 15 10:43:16 corpdns systemd-logind[733]: New seat seat0.
Dec 15 10:43:16 corpdns systemd-logind[733]: Watching system buttons on /dev/input/event0 (Power Button)
Dec 15 10:43:16 corpdns systemd-logind[733]: Watching system buttons on /dev/input/event5 (QEMU QEMU USB Keyboard)
Dec 15 10:43:16 corpdns systemd-logind[733]: Watching system buttons on /dev/input/event1 (AT Translated Set 2 keyboard)
Dec 15 10:55:25 corpdns systemd-logind[733]: Watching system buttons on /dev/input/event1 (AT Translated Set 2 keyboard)
# --- END CHUNK: scenario_4_benign_062 ---

# --- START CHUNK: scenario_4_benign_063 (CLEAR) ---
Dec 15 10:55:25 corpdns systemd-logind[733]: Watching system buttons on /dev/input/event5 (QEMU QEMU USB Keyboard)
Dec 15 10:55:25 corpdns systemd-logind[733]: Watching system buttons on /dev/input/event0 (Power Button)
Dec 15 11:17:01 corpdns CRON[3038]: pam_unix(cron:session): session opened for user root(uid=0) by (uid=0)
Dec 15 11:17:01 corpdns CRON[3038]: pam_unix(cron:session): session closed for user root
Dec 15 11:44:37 corpdns sshd[3100]: Accepted publickey for aecid from 192.42.0.201 port 50848 ssh2: RSA SHA256:yxAJcMgl5WTSlj4ZPvj7TSgUbIlxQ1GHdtXeIcp0czs
# --- END CHUNK: scenario_4_benign_063 ---

# --- START CHUNK: scenario_4_benign_064 (CLEAR) ---
Dec 11 13:06:37 atb-repository-image-2025-12-11t12-47-13z systemd[1]: Stopping Availability of block devices...
Dec 11 13:06:37 atb-repository-image-2025-12-11t12-47-13z systemd[1]: cloud-final.service: Deactivated successfully.
Dec 11 13:06:37 atb-repository-image-2025-12-11t12-47-13z systemd[1]: Stopped Execute cloud user/final scripts.
Dec 11 13:06:37 atb-repository-image-2025-12-11t12-47-13z systemd[1]: Stopped target Multi-User System.
Dec 11 13:06:37 atb-repository-image-2025-12-11t12-47-13z systemd[1]: Stopped target Login Prompts.
# --- END CHUNK: scenario_4_benign_064 ---

# --- START CHUNK: scenario_4_benign_065 (CLEAR) ---
Dec 11 13:06:37 atb-repository-image-2025-12-11t12-47-13z systemd[1]: Stopped OpenVPN service.
Dec 15 10:45:02 puppet kernel: [    0.000000] Linux version 5.15.0-113-generic (buildd@lcy02-amd64-072) (gcc (Ubuntu 11.4.0-1ubuntu1~22.04) 11.4.0, GNU ld (GNU Binutils for Ubuntu) 2.38) #123-Ubuntu SMP Mon Jun 10 08:16:17 UTC 2024 (Ubuntu 5.15.0-113.123-generic 5.15.152)
Dec 15 10:45:02 puppet kernel: [    0.000000] Command line: BOOT_IMAGE=/boot/vmlinuz-5.15.0-113-generic root=LABEL=cloudimg-rootfs ro console=tty1 console=ttyS0
Dec 15 10:45:02 puppet kernel: [    0.000000] KERNEL supported cpus:
Dec 15 10:45:02 puppet kernel: [    0.000000]   Intel GenuineIntel
# --- END CHUNK: scenario_4_benign_065 ---

# --- START CHUNK: scenario_4_benign_066 (CLEAR) ---
Dec 15 10:45:02 puppet kernel: [    3.117843] Btrfs loaded, crc32c=crc32c-intel, zoned=yes, fsverity=yes
Dec 15 10:45:02 puppet kernel: [    3.157731] EXT4-fs (vda1): mounted filesystem with ordered data mode. Opts: (null). Quota mode: none.
Dec 15 10:45:02 puppet kernel: [    3.381879] systemd[1]: Inserted module 'autofs4'
Dec 15 10:45:02 puppet kernel: [    3.403180] systemd[1]: systemd 249.11-0ubuntu3.12 running in system mode (+PAM +AUDIT +SELINUX +APPARMOR +IMA +SMACK +SECCOMP +GCRYPT +GNUTLS +OPENSSL +ACL +BLKID +CURL +ELFUTILS +FIDO2 +IDN2 -IDN +IPTC +KMOD +LIBCRYPTSETUP +LIBFDISK +PCRE2 -PWQUALITY -P11KIT -QRENCODE +BZIP2 +LZ4 +XZ +ZLIB +ZSTD -XKBCOMMON +UTMP +SYSVINIT default-hierarchy=unified)
Dec 15 10:45:02 puppet kernel: [    3.414021] systemd[1]: Detected virtualization kvm.
# --- END CHUNK: scenario_4_benign_066 ---

# --- START CHUNK: scenario_4_benign_067 (CLEAR) ---
Dec 15 10:45:02 puppet systemd[1]: Starting Apply Kernel Variables...
Dec 15 10:45:02 puppet systemd[1]: Mounted FUSE Control File System.
Dec 15 10:45:02 puppet systemd[1]: Mounted Kernel Configuration File System.
Dec 15 10:45:02 puppet systemd[1]: Finished Set the console keyboard layout.
Dec 15 10:45:02 puppet systemd[1]: Finished Remount Root and Kernel File Systems.
# --- END CHUNK: scenario_4_benign_067 ---

# --- START CHUNK: scenario_4_benign_068 (CLEAR) ---
Dec 15 10:45:02 puppet systemd[1]: Mounting Mount unit for snapd, revision 21759...
Dec 15 10:45:02 puppet systemd[1]: Mounted Mount unit for lxd, revision 28373.
Dec 15 10:45:02 puppet systemd[1]: Mounted Mount unit for snapd, revision 21759.
Dec 15 10:45:02 puppet systemd[1]: Mounted Mount unit for core20, revision 2318.
Dec 15 10:45:02 puppet systemd[1]: Reached target Mounted snaps.
# --- END CHUNK: scenario_4_benign_068 ---

# --- START CHUNK: scenario_4_benign_069 (CLEAR) ---
Dec 15 10:45:02 puppet systemd[1]: Condition check resulted in Show Plymouth Boot Screen being skipped.
Dec 15 10:45:02 puppet systemd[1]: Started Dispatch Password Requests to Console Directory Watch.
Dec 15 10:45:02 puppet systemd[1]: Condition check resulted in Forward Password Requests to Plymouth Directory Watch being skipped.
Dec 15 10:45:02 puppet systemd[1]: Reached target Local Encrypted Volumes.
Dec 15 10:45:02 puppet systemd-udevd[421]: Using default interface naming scheme 'v249'.
# --- END CHUNK: scenario_4_benign_069 ---

# --- START CHUNK: scenario_4_benign_070 (CLEAR) ---
Dec 15 10:45:02 puppet systemd[1]: Listening on cloud-init hotplug hook socket.
Dec 15 10:45:02 puppet systemd[1]: Listening on D-Bus System Message Bus Socket.
Dec 15 10:45:02 puppet systemd[1]: Listening on Open-iSCSI iscsid Socket.
Dec 15 10:45:02 puppet systemd[1]: Listening on Socket unix for snap application lxd.daemon.
Dec 15 10:45:02 puppet systemd[1]: Listening on Socket unix for snap application lxd.user-daemon.
# --- END CHUNK: scenario_4_benign_070 ---

# --- START CHUNK: scenario_4_benign_071 (CLEAR) ---
Dec 15 10:45:02 puppet systemd[1]: Reached target Socket Units.
Dec 15 10:45:02 puppet systemd[1]: Reached target Basic System.
Dec 15 10:45:02 puppet systemd[1]: Starting Accounts Service...
Dec 15 10:45:02 puppet systemd[1]: Starting Kernel process accounting...
Dec 15 10:45:02 puppet anacron[671]: Anacron 2.3 started on 2025-12-15
# --- END CHUNK: scenario_4_benign_071 ---

# --- START CHUNK: scenario_4_benign_072 (CLEAR) ---
Dec 15 10:45:02 puppet systemd[1]: Finished Network Manager Wait Online.
Dec 15 10:45:02 puppet systemd[1]: Reached target Network is Online.
Dec 15 10:45:02 puppet systemd[1]: Started Download data for packages that failed at package install time.
Dec 15 10:45:02 puppet systemd[1]: Started Check to see whether there is a new version of Ubuntu available.
Dec 15 10:45:02 puppet systemd[1]: Reached target Timer Units.
# --- END CHUNK: scenario_4_benign_072 ---

# --- START CHUNK: scenario_4_benign_073 (CLEAR) ---
Dec 15 10:45:04 puppet cloud-init[1278]: Cloud-init v. 24.1.3-0ubuntu1~22.04.5 running 'modules:config' at Mon, 15 Dec 2025 10:45:04 +0000. Up 68.88 seconds.
Dec 15 10:45:04 puppet systemd[1]: Created slice User Slice of UID 118.
Dec 15 10:45:04 puppet systemd[1]: Starting User Runtime Directory /run/user/118...
Dec 15 10:45:04 puppet systemd[1]: Finished User Runtime Directory /run/user/118.
Dec 15 10:45:04 puppet systemd[1]: Starting User Manager for UID 118...
# --- END CHUNK: scenario_4_benign_073 ---

# --- START CHUNK: scenario_4_benign_074 (CLEAR) ---
Dec 15 10:57:10 puppet kernel: [  794.835324] loop4: detected capacity change from 0 to 187192
Dec 15 10:57:10 puppet systemd[1]: Mounted Mount unit for lxd, revision 36918.
Dec 15 10:57:10 puppet systemd[1]: snap.lxd.daemon.unix.socket: Deactivated successfully.
Dec 15 10:57:10 puppet systemd[1]: Closed Socket unix for snap application lxd.daemon.
Dec 15 10:57:10 puppet systemd[1]: snap.lxd.user-daemon.unix.socket: Deactivated successfully.
# --- END CHUNK: scenario_4_benign_074 ---

# --- START CHUNK: scenario_4_benign_075 (CLEAR) ---
Dec 15 11:03:50 puppet systemd[1]: user@1002.service: Deactivated successfully.
Dec 15 11:03:50 puppet systemd[1]: Stopped User Manager for UID 1002.
Dec 15 11:03:50 puppet systemd[1]: Stopping User Runtime Directory /run/user/1002...
Dec 15 11:03:50 puppet systemd[1]: run-user-1002.mount: Deactivated successfully.
Dec 15 11:03:50 puppet systemd[1]: user-runtime-dir@1002.service: Deactivated successfully.
# --- END CHUNK: scenario_4_benign_075 ---

# --- START CHUNK: scenario_4_benign_076 (CLEAR) ---
Dec 15 11:14:10 puppet systemd[1]: user@1002.service: Deactivated successfully.
Dec 15 11:14:10 puppet systemd[1]: Stopped User Manager for UID 1002.
Dec 15 11:14:10 puppet systemd[1]: Stopping User Runtime Directory /run/user/1002...
Dec 15 11:14:10 puppet systemd[1]: run-user-1002.mount: Deactivated successfully.
Dec 15 11:14:10 puppet systemd[1]: user-runtime-dir@1002.service: Deactivated successfully.
# --- END CHUNK: scenario_4_benign_076 ---

